Radek
Ola
Michał
Dopisane
TestTest